(node:80039) [DEP0040] DeprecationWarning: The `punycode` module is deprecated. Please use a userland alternative instead.
(Use `node --trace-deprecation ...` to show where the warning was created)
Ayuk Hapan QRIS jalan di http://localhost:3000
